[    0.000000] Linux version 4.15.0-123-generic (buildd@lcy01-amd64-017) (gcc version 7.5.0 (Ubuntu 7.5.0-3ubuntu1~18.04)) #126-Ubuntu SMP Wed Oct 21 09:40:11 UTC 2020 (Ubuntu 4.15.0-123.126-generic 4.15.18)
[    0.000000] Command line: BOOT_IMAGE=/boot/vmlinuz-4.15.0-123-generic root=UUID=a7cc7f74-b099-45a4-9eb5-9d006fce0a97 ro console=tty1 console=ttyS0
[    0.000000] KERNEL supported cpus:
[    0.000000]   Intel GenuineIntel
[    0.000000]   AMD AuthenticAMD
[    0.000000]   Centaur CentaurHauls
[    0.000000] x86/fpu: Supporting XSAVE feature 0x001: 'x87 floating point registers'
[    0.000000] x86/fpu: Supporting XSAVE feature 0x002: 'SSE registers'
[    0.000000] x86/fpu: Supporting XSAVE feature 0x004: 'AVX registers'
[    0.000000] x86/fpu: xstate_offset[2]:  576, xstate_sizes[2]:  256
[    0.000000] x86/fpu: Enabled xstate features 0x7, context size is 832 bytes, using 'standard' format.
[    0.000000] e820: BIOS-provided physical RAM map:
[    0.000000] BIOS-e820: [mem 0x0000000000000000-0x000000000009fbff] usable
[    0.000000] BIOS-e820: [mem 0x000000000009fc00-0x000000000009ffff] reserved
[    0.000000] BIOS-e820: [mem 0x00000000000f0000-0x00000000000fffff] reserved
[    0.000000] BIOS-e820: [mem 0x0000000000100000-0x00000000dffeffff] usable
[    0.000000] BIOS-e820: [mem 0x00000000dfff0000-0x00000000dfffffff] ACPI data
[    0.000000] BIOS-e820: [mem 0x00000000fec00000-0x00000000fec00fff] reserved
[    0.000000] BIOS-e820: [mem 0x00000000fee00000-0x00000000fee00fff] reserved
[    0.000000] BIOS-e820: [mem 0x00000000fffc0000-0x00000000ffffffff] reserved
[    0.000000] BIOS-e820: [mem 0x0000000100000000-0x000000011fffffff] usable
[    0.000000] NX (Execute Disable) protection: active
[    0.000000] SMBIOS 2.5 present.
[    0.000000] DMI: innotek GmbH VirtualBox/VirtualBox, BIOS VirtualBox 12/01/2006
[    0.000000] Hypervisor detected: KVM
[    0.000000] e820: last_pfn = 0x120000 max_arch_pfn = 0x400000000
[    0.000000] MTRR: Disabled
[    0.000000] x86/PAT: MTRRs disabled, skipping PAT initialization too.
[    0.000000] CPU MTRRs all blank - virtualized system.
[    0.000000] x86/PAT: Configuration [0-7]: WB  WT  UC- UC  WB  WT  UC- UC  
[    0.000000] e820: last_pfn = 0xdfff0 max_arch_pfn = 0x400000000
[    0.000000] found SMP MP-table at [mem 0x0009fff0-0x0009ffff]
[    0.000000] Scanning 1 areas for low memory corruption
[    0.000000] RAMDISK: [mem 0x351b3000-0x368d0fff]
[    0.000000] ACPI: Early table checksum verification disabled
[    0.000000] ACPI: RSDP 0x00000000000E0000 000024 (v02 VBOX  )
[    0.000000] ACPI: XSDT 0x00000000DFFF0030 00003C (v01 VBOX   VBOXXSDT 00000001 ASL  00000061)
[    0.000000] ACPI: FACP 0x00000000DFFF00F0 0000F4 (v04 VBOX   VBOXFACP 00000001 ASL  00000061)
[    0.000000] ACPI: DSDT 0x00000000DFFF0470 002325 (v02 VBOX   VBOXBIOS 00000002 INTL 20100528)
[    0.000000] ACPI: FACS 0x00000000DFFF0200 000040
[    0.000000] ACPI: FACS 0x00000000DFFF0200 000040
[    0.000000] ACPI: APIC 0x00000000DFFF0240 00005C (v02 VBOX   VBOXAPIC 00000001 ASL  00000061)
[    0.000000] ACPI: SSDT 0x00000000DFFF02A0 0001CC (v01 VBOX   VBOXCPUT 00000002 INTL 20100528)
[    0.000000] No NUMA configuration found
[    0.000000] Faking a node at [mem 0x0000000000000000-0x000000011fffffff]
[    0.000000] NODE_DATA(0) allocated [mem 0x11ffd5000-0x11fffffff]
[    0.000000] kvm-clock: cpu 0, msr 1:1ff54001, primary cpu clock
[    0.000000] kvm-clock: Using msrs 4b564d01 and 4b564d00
[    0.000000] kvm-clock: using sched offset of 3524423007 cycles
[    0.000000] clocksource: kvm-clock: mask: 0xffffffffffffffff max_cycles: 0x1cd42e4dffb, max_idle_ns: 881590591483 ns
[    0.000000] Zone ranges:
[    0.000000]   DMA      [mem 0x0000000000001000-0x0000000000ffffff]
[    0.000000]   DMA32    [mem 0x0000000001000000-0x00000000ffffffff]
[    0.000000]   Normal   [mem 0x0000000100000000-0x000000011fffffff]
[    0.000000]   Device   empty
[    0.000000] Movable zone start for each node
[    0.000000] Early memory node ranges
[    0.000000]   node   0: [mem 0x0000000000001000-0x000000000009efff]
[    0.000000]   node   0: [mem 0x0000000000100000-0x00000000dffeffff]
[    0.000000]   node   0: [mem 0x0000000100000000-0x000000011fffffff]
[    0.000000] Reserved but unavailable: 98 pages
[    0.000000] Initmem setup node 0 [mem 0x0000000000001000-0x000000011fffffff]
[    0.000000] ACPI: PM-Timer IO Port: 0x4008
[    0.000000] IOAPIC[0]: apic_id 2, version 32, address 0xfec00000, GSI 0-23
[    0.000000] ACPI: INT_SRC_OVR (bus 0 bus_irq 0 global_irq 2 dfl dfl)
[    0.000000] ACPI: INT_SRC_OVR (bus 0 bus_irq 9 global_irq 9 low level)
[    0.000000] Using ACPI (MADT) for SMP configuration information
[    0.000000] smpboot: Allowing 2 CPUs, 0 hotplug CPUs
[    0.000000] PM: Registered nosave memory: [mem 0x00000000-0x00000fff]
[    0.000000] PM: Registered nosave memory: [mem 0x0009f000-0x0009ffff]
[    0.000000] PM: Registered nosave memory: [mem 0x000a0000-0x000effff]
[    0.000000] PM: Registered nosave memory: [mem 0x000f0000-0x000fffff]
[    0.000000] PM: Registered nosave memory: [mem 0xdfff0000-0xdfffffff]
[    0.000000] PM: Registered nosave memory: [mem 0xe0000000-0xfebfffff]
[    0.000000] PM: Registered nosave memory: [mem 0xfec00000-0xfec00fff]
[    0.000000] PM: Registered nosave memory: [mem 0xfec01000-0xfedfffff]
[    0.000000] PM: Registered nosave memory: [mem 0xfee00000-0xfee00fff]
[    0.000000] PM: Registered nosave memory: [mem 0xfee01000-0xfffbffff]
[    0.000000] PM: Registered nosave memory: [mem 0xfffc0000-0xffffffff]
[    0.000000] e820: [mem 0xe0000000-0xfebfffff] available for PCI devices
[    0.000000] Booting paravirtualized kernel on KVM
[    0.000000] clocksource: refined-jiffies: mask: 0xffffffff max_cycles: 0xffffffff, max_idle_ns: 7645519600211568 ns
[    0.000000] random: get_random_bytes called from start_kernel+0x99/0x500 with crng_init=0
[    0.000000] setup_percpu: NR_CPUS:8192 nr_cpumask_bits:2 nr_cpu_ids:2 nr_node_ids:1
[    0.000000] percpu: Embedded 45 pages/cpu s147456 r8192 d28672 u1048576
[    0.000000] PV qspinlock hash table entries: 256 (order: 0, 4096 bytes)
[    0.000000] Built 1 zonelists, mobility grouping on.  Total pages: 1032057
[    0.000000] Policy zone: Normal
[    0.000000] Kernel command line: BOOT_IMAGE=/boot/vmlinuz-4.15.0-123-generic root=UUID=a7cc7f74-b099-45a4-9eb5-9d006fce0a97 ro console=tty1 console=ttyS0
[    0.000000] Memory: 4009200K/4193848K available (12300K kernel code, 2482K rwdata, 4272K rodata, 2436K init, 2724K bss, 184648K reserved, 0K cma-reserved)
[    0.000000] SLUB: HWalign=64, Order=0-3, MinObjects=0, CPUs=2, Nodes=1
[    0.000000] ftrace: allocating 39402 entries in 154 pages
[    0.004000] Hierarchical RCU implementation.
[    0.004000] 	RCU restricting CPUs from NR_CPUS=8192 to nr_cpu_ids=2.
[    0.004000] 	Tasks RCU enabled.
[    0.004000] RCU: Adjusting geometry for rcu_fanout_leaf=16, nr_cpu_ids=2
[    0.004000] NR_IRQS: 524544, nr_irqs: 440, preallocated irqs: 16
[    0.004000] Console: colour VGA+ 80x25
[    0.004000] console [tty1] enabled
[    0.004000] console [ttyS0] enabled
[    0.004000] ACPI: Core revision 20170831
[    0.004000] ACPI: 2 ACPI AML tables successfully acquired and loaded
[    0.004000] APIC: Switch to symmetric I/O mode setup
[    0.004000] x2apic enabled
[    0.004000] Switched APIC routing to physical x2apic.
[    0.004813] ..TIMER: vector=0x30 apic1=0 pin1=2 apic2=-1 pin2=-1
[    0.008001] tsc: Detected 2803.202 MHz processor
[    0.009885] Calibrating delay loop (skipped) preset value.. 5606.40 BogoMIPS (lpj=11212808)
[    0.012001] pid_max: default: 32768 minimum: 301
[    0.016022] Security Framework initialized
[    0.018072] Yama: becoming mindful.
[    0.020016] AppArmor: AppArmor initialized
[    0.024083] Dentry cache hash table entries: 524288 (order: 10, 4194304 bytes)
[    0.030048] Inode-cache hash table entries: 262144 (order: 9, 2097152 bytes)
[    0.032013] Mount-cache hash table entries: 8192 (order: 4, 65536 bytes)
[    0.035201] Mountpoint-cache hash table entries: 8192 (order: 4, 65536 bytes)
[    0.036226] Last level iTLB entries: 4KB 0, 2MB 0, 4MB 0
[    0.040001] Last level dTLB entries: 4KB 0, 2MB 0, 4MB 0, 1GB 0
[    0.042357] Spectre V1 : Mitigation: usercopy/swapgs barriers and __user pointer sanitization
[    0.044001] Spectre V2 : Mitigation: Full generic retpoline
[    0.048001] Spectre V2 : Spectre v2 / SpectreRSB mitigation: Filling RSB on context switch
[    0.052000] Speculative Store Bypass: Vulnerable
[    0.054427] Freeing SMP alternatives memory: 36K
[    0.167040] smpboot: CPU0: 11th Gen Intel(R) Core(TM) i7-1165G7 @ 2.80GHz (family: 0x6, model: 0x8c, stepping: 0x1)
[    0.168069] Performance Events: unsupported p6 CPU model 140 no PMU driver, software events only.
[    0.172025] Hierarchical SRCU implementation.
[    0.176190] NMI watchdog: Perf event create on CPU 0 failed with -2
[    0.179235] NMI watchdog: Perf NMI watchdog permanently disabled
[    0.180032] smp: Bringing up secondary CPUs ...
[    0.184048] x86: Booting SMP configuration:
[    0.185766] .... node  #0, CPUs:      #1
[    0.004000] kvm-clock: cpu 1, msr 1:1ff54041, secondary cpu clock
[    0.192041] smp: Brought up 1 node, 2 CPUs
[    0.194066] smpboot: Max logical packages: 1
[    0.196003] smpboot: Total of 2 processors activated (11212.80 BogoMIPS)
[    0.200167] devtmpfs: initialized
[    0.201694] x86/mm: Memory block size: 128MB
[    0.204228] evm: security.selinux
[    0.205821] evm: security.SMACK64
[    0.207450] evm: security.SMACK64EXEC
[    0.208001] evm: security.SMACK64TRANSMUTE
[    0.209859] evm: security.SMACK64MMAP
[    0.212000] evm: security.apparmor
[    0.213717] evm: security.ima
[    0.216001] evm: security.capability
[    0.217783] clocksource: jiffies: mask: 0xffffffff max_cycles: 0xffffffff, max_idle_ns: 7645041785100000 ns
[    0.220018] futex hash table entries: 512 (order: 3, 32768 bytes)
[    0.221983] pinctrl core: initialized pinctrl subsystem
[    0.224073] RTC time: 11:38:05, date: 11/14/20
[    0.228124] NET: Registered protocol family 16
[    0.230327] audit: initializing netlink subsys (disabled)
[    0.232017] audit: type=2000 audit(1605353890.250:1): state=initialized audit_enabled=0 res=1
[    0.236015] cpuidle: using governor ladder
[    0.237653] cpuidle: using governor menu
[    0.240029] ACPI: bus type PCI registered
[    0.241821] acpiphp: ACPI Hot Plug PCI Controller Driver version: 0.5
[    0.244075] PCI: Using configuration type 1 for base access
[    0.248094] HugeTLB registered 2.00 MiB page size, pre-allocated 0 pages
[    0.250134] ACPI: Added _OSI(Module Device)
[    0.252001] ACPI: Added _OSI(Processor Device)
[    0.253975] ACPI: Added _OSI(3.0 _SCP Extensions)
[    0.256001] ACPI: Added _OSI(Processor Aggregator Device)
[    0.257952] ACPI: Added _OSI(Linux-Dell-Video)
[    0.260001] ACPI: Added _OSI(Linux-Lenovo-NV-HDMI-Audio)
[    0.261963] ACPI: Added _OSI(Linux-HPI-Hybrid-Graphics)
[    0.264211] ACPI: Executed 1 blocks of module-level executable AML code
[    0.270091] ACPI: Interpreter enabled
[    0.272009] ACPI: (supports S0 S5)
[    0.273610] ACPI: Using IOAPIC for interrupt routing
[    0.276153] PCI: Using host bridge windows from ACPI; if necessary, use "pci=nocrs" and report a bug
[    0.279761] ACPI: Enabled 2 GPEs in block 00 to 07
[    0.285721] ACPI: PCI Root Bridge [PCI0] (domain 0000 [bus 00-ff])
[    0.288005] acpi PNP0A03:00: _OSC: OS supports [ASPM ClockPM Segments MSI]
[    0.290779] acpi PNP0A03:00: _OSC: not requesting OS control; OS requires [ExtendedConfig ASPM ClockPM MSI]
[    0.292013] acpi PNP0A03:00: fail to add MMCONFIG information, can't access extended PCI configuration space under this bridge.
[    0.296253] PCI host bridge to bus 0000:00
[    0.300002] pci_bus 0000:00: root bus resource [io  0x0000-0x0cf7 window]
[    0.302994] pci_bus 0000:00: root bus resource [io  0x0d00-0xffff window]
[    0.304002] pci_bus 0000:00: root bus resource [mem 0x000a0000-0x000bffff window]
[    0.308001] pci_bus 0000:00: root bus resource [mem 0xe0000000-0xfdffffff window]
[    0.312001] pci_bus 0000:00: root bus resource [bus 00-ff]
[    0.316955] pci 0000:00:01.1: legacy IDE quirk: reg 0x10: [io  0x01f0-0x01f7]
[    0.320001] pci 0000:00:01.1: legacy IDE quirk: reg 0x14: [io  0x03f6]
[    0.323144] pci 0000:00:01.1: legacy IDE quirk: reg 0x18: [io  0x0170-0x0177]
[    0.324002] pci 0000:00:01.1: legacy IDE quirk: reg 0x1c: [io  0x0376]
[    0.354316] pci 0000:00:07.0: quirk: [io  0x4000-0x403f] claimed by PIIX4 ACPI
[    0.356019] pci 0000:00:07.0: quirk: [io  0x4100-0x410f] claimed by PIIX4 SMB
[    0.371191] ACPI: PCI Interrupt Link [LNKA] (IRQs 5 9 10 *11)
[    0.372223] ACPI: PCI Interrupt Link [LNKB] (IRQs 5 9 *10 11)
[    0.374267] ACPI: PCI Interrupt Link [LNKC] (IRQs 5 *9 10 11)
[    0.376072] ACPI: PCI Interrupt Link [LNKD] (IRQs 5 9 10 *11)
[    0.378126] SCSI subsystem initialized
[    0.380027] pci 0000:00:02.0: vgaarb: setting as boot VGA device
[    0.382702] pci 0000:00:02.0: vgaarb: VGA device added: decodes=io+mem,owns=io+mem,locks=none
[    0.384005] pci 0000:00:02.0: vgaarb: bridge control possible
[    0.388002] vgaarb: loaded
[    0.389000] ACPI: bus type USB registered
[    0.390927] usbcore: registered new interface driver usbfs
[    0.392007] usbcore: registered new interface driver hub
[    0.396013] usbcore: registered new device driver usb
[    0.398340] EDAC MC: Ver: 3.0.0
[    0.400154] PCI: Using ACPI for IRQ routing
[    0.402212] NetLabel: Initializing
[    0.404001] NetLabel:  domain hash size = 128
[    0.406012] NetLabel:  protocols = UNLABELED CIPSOv4 CALIPSO
[    0.408014] NetLabel:  unlabeled traffic allowed by default
[    0.412064] clocksource: Switched to clocksource kvm-clock
[    0.428826] VFS: Disk quotas dquot_6.6.0
[    0.430605] VFS: Dquot-cache hash table entries: 512 (order 0, 4096 bytes)
[    0.434359] AppArmor: AppArmor Filesystem Enabled
[    0.436582] pnp: PnP ACPI init
[    0.438778] pnp: PnP ACPI: found 3 devices
[    0.448512] clocksource: acpi_pm: mask: 0xffffff max_cycles: 0xffffff, max_idle_ns: 2085701024 ns
[    0.452640] NET: Registered protocol family 2
[    0.454518] TCP established hash table entries: 32768 (order: 6, 262144 bytes)
[    0.457767] TCP bind hash table entries: 32768 (order: 7, 524288 bytes)
[    0.460745] TCP: Hash tables configured (established 32768 bind 32768)
[    0.467143] UDP hash table entries: 2048 (order: 4, 65536 bytes)
[    0.469419] UDP-Lite hash table entries: 2048 (order: 4, 65536 bytes)
[    0.472131] NET: Registered protocol family 1
[    0.473910] pci 0000:00:00.0: Limiting direct PCI/PCI transfers
[    0.476222] pci 0000:00:01.0: Activating ISA DMA hang workarounds
[    0.479246] pci 0000:00:02.0: Video device with shadowed ROM at [mem 0x000c0000-0x000dffff]
[    0.482571] Unpacking initramfs...
[    0.761682] Freeing initrd memory: 23672K
[    0.765919] PCI-DMA: Using software bounce buffering for IO (SWIOTLB)
[    0.768641] software IO TLB: mapped [mem 0xdbff0000-0xdfff0000] (64MB)
[    0.771742] clocksource: tsc: mask: 0xffffffffffffffff max_cycles: 0x2868113ab3c, max_idle_ns: 440795215545 ns
[    0.775280] platform rtc_cmos: registered platform RTC device (no PNP device found)
[    0.778467] Scanning for low memory corruption every 60 seconds
[    0.781739] Initialise system trusted keyrings
[    0.784473] Key type blacklist registered
[    0.786512] workingset: timestamp_bits=36 max_order=20 bucket_order=0
[    0.790077] zbud: loaded
[    0.791650] squashfs: version 4.0 (2009/01/31) Phillip Lougher
[    0.794602] fuse init (API version 7.26)
[    0.798022] Key type asymmetric registered
[    0.799923] Asymmetric key parser 'x509' registered
[    0.802313] Block layer SCSI generic (bsg) driver version 0.4 loaded (major 246)
[    0.805198] io scheduler noop registered
[    0.806548] io scheduler deadline registered
[    0.808569] io scheduler cfq registered (default)
[    0.811085] ACPI: AC Adapter [AC] (on-line)
[    0.813198] input: Power Button as /devices/LNXSYSTM:00/LNXPWRBN:00/input/input0
[    0.816856] ACPI: Power Button [PWRF]
[    0.818606] input: Sleep Button as /devices/LNXSYSTM:00/LNXSLPBN:00/input/input1
[    0.821549] ACPI: Sleep Button [SLPF]
[    0.823573] ACPI: Battery Slot [BAT0] (battery present)
[    0.826192] Serial: 8250/16550 driver, 32 ports, IRQ sharing enabled
[    0.849618] 00:02: ttyS0 at I/O 0x3f8 (irq = 4, base_baud = 115200) is a 16550A
[    0.854100] Linux agpgart interface v0.103
[    0.858541] loop: module loaded
[    0.860504] scsi host0: ata_piix
[    0.862207] scsi host1: ata_piix
[    0.863829] ata1: PATA max UDMA/33 cmd 0x1f0 ctl 0x3f6 bmdma 0xd000 irq 14
[    0.866793] ata2: PATA max UDMA/33 cmd 0x170 ctl 0x376 bmdma 0xd008 irq 15
[    0.870147] libphy: Fixed MDIO Bus: probed
[    0.872106] tun: Universal TUN/TAP device driver, 1.6
[    0.873651] PPP generic driver version 2.4.2
[    0.875014] ehci_hcd: USB 2.0 'Enhanced' Host Controller (EHCI) Driver
[    0.876920] ehci-pci: EHCI PCI platform driver
[    0.878587] ehci-platform: EHCI generic platform driver
[    0.880918] ohci_hcd: USB 1.1 'Open' Host Controller (OHCI) Driver
[    0.883870] ohci-pci: OHCI PCI platform driver
[    0.885482] ohci-platform: OHCI generic platform driver
[    0.888125] uhci_hcd: USB Universal Host Controller Interface driver
[    0.890265] i8042: PNP: PS/2 Controller [PNP0303:PS2K,PNP0f03:PS2M] at 0x60,0x64 irq 1,12
[    0.894316] serio: i8042 KBD port at 0x60,0x64 irq 1
[    0.896203] serio: i8042 AUX port at 0x60,0x64 irq 12
[    0.898598] mousedev: PS/2 mouse device common for all mice
[    0.901538] input: AT Translated Set 2 keyboard as /devices/platform/i8042/serio0/input/input2
[    0.904966] rtc_cmos rtc_cmos: rtc core: registered rtc_cmos as rtc0
[    0.908604] rtc_cmos rtc_cmos: alarms up to one day, 114 bytes nvram
[    0.911680] i2c /dev entries driver
[    0.913449] device-mapper: uevent: version 1.0.3
[    0.915764] device-mapper: ioctl: 4.37.0-ioctl (2017-09-20) initialised: dm-devel@redhat.com
[    0.919775] ledtrig-cpu: registered to indicate activity on CPUs
[    0.922857] NET: Registered protocol family 10
[    0.927305] Segment Routing with IPv6
[    0.928911] NET: Registered protocol family 17
[    0.930986] Key type dns_resolver registered
[    0.933257] mce: Using 0 MCE banks
[    0.934652] RAS: Correctable Errors collector initialized.
[    0.938156] sched_clock: Marking stable (938139918, 0)->(1313172672, -375032754)
[    0.940897] registered taskstats version 1
[    0.942885] Loading compiled-in X.509 certificates
[    0.947106] Loaded X.509 cert 'Build time autogenerated kernel key: 423d6fc95fe30468112015aeb92af84ef3acf368'
[    0.954439] zswap: loaded using pool lzo/zbud
[    0.958934] Key type big_key registered
[    0.960778] Key type trusted registered
[    0.964084] Key type encrypted registered
[    0.966067] AppArmor: AppArmor sha1 policy hashing enabled
[    0.968744] ima: No TPM chip found, activating TPM-bypass! (rc=-19)
[    0.971632] ima: Allocated hash algorithm: sha1
[    0.973243] evm: HMAC attrs: 0x1
[    0.974912]   Magic number: 12:828:630
[    0.976858] rtc_cmos rtc_cmos: setting system clock to 2020-11-14 11:38:05 UTC (1605353885)
[    0.979854] BIOS EDD facility v0.16 2004-Jun-25, 0 devices found
[    0.982767] EDD information not available.
[    1.112248] Freeing unused kernel image memory: 2436K
[    1.197250] Write protecting the kernel read-only data: 20480k
[    1.205782] Freeing unused kernel image memory: 2008K
[    1.207871] Freeing unused kernel image memory: 1872K
[    1.212791] x86/mm: Checked W+X mappings: passed, no W+X pages found.
Loading, please wait...
starting version 237
[    1.254705] e1000: Intel(R) PRO/1000 Network Driver - version 7.3.21-k8-NAPI
[    1.259336] e1000: Copyright (c) 1999-2006 Intel Corporation.
[    1.263143] Fusion MPT base driver 3.04.20
[    1.264710] Copyright (c) 1999-2008 LSI Corporation
[    1.275311] Fusion MPT SPI Host driver 3.04.20
[    1.278112] AVX2 version of gcm_enc/dec engaged.
[    1.279969] AES CTR mode by8 optimization enabled
[    1.285765] mptbase: ioc0: Initiating bringup
[    1.388851] ioc0: LSI53C1030 A0: Capabilities={Initiator}
[    1.477272] input: ImExPS/2 Generic Explorer Mouse as /devices/platform/i8042/serio1/input/input4
[    1.645355] scsi host2: ioc0: LSI53C1030 A0, FwRev=00000000h, Ports=1, MaxQ=256, IRQ=20
[    1.933769] scsi 2:0:0:0: Direct-Access     VBOX     HARDDISK         1.0  PQ: 0 ANSI: 5
[    1.968669] scsi target2:0:0: Beginning Domain Validation
[    1.987429] scsi target2:0:0: Domain Validation skipping write tests
[    1.990583] scsi target2:0:0: Ending Domain Validation
[    2.003670] scsi target2:0:0: asynchronous
[    2.017215] scsi 2:0:1:0: Direct-Access     VBOX     HARDDISK         1.0  PQ: 0 ANSI: 5
[    2.054868] scsi target2:0:1: Beginning Domain Validation
[    2.060494] random: fast init done
[    2.062249] scsi target2:0:1: Domain Validation skipping write tests
[    2.064765] scsi target2:0:1: Ending Domain Validation
[    2.066789] scsi target2:0:1: asynchronous
[    2.075606] random: systemd-udevd: uninitialized urandom read (16 bytes read)
[    2.078449] random: systemd-udevd: uninitialized urandom read (16 bytes read)
[    2.081398] sd 2:0:0:0: [sda] 62914560 512-byte logical blocks: (32.2 GB/30.0 GiB)
[    2.083825] sd 2:0:0:0: Attached scsi generic sg0 type 0
[    2.085917] sd 2:0:0:0: [sda] Write Protect is off
[    2.087821] sd 2:0:0:0: [sda] Incomplete mode parameter data
[    2.090081] sd 2:0:0:0: [sda] Assuming drive cache: write through
[    2.091952] random: systemd-udevd: uninitialized urandom read (16 bytes read)
[    2.098229] sd 2:0:1:0: Attached scsi generic sg1 type 0
[    2.104073] sd 2:0:1:0: [sdb] 20480 512-byte logical blocks: (10.5 MB/10.0 MiB)
[    2.106558] sd 2:0:1:0: [sdb] Write Protect is off
[    2.108360] sd 2:0:1:0: [sdb] Incomplete mode parameter data
[    2.110427] sd 2:0:1:0: [sdb] Assuming drive cache: write through
[    2.112460]  sda: sda1
[    2.114625] sd 2:0:0:0: [sda] Attached SCSI disk
[    2.118306] sd 2:0:1:0: [sdb] Attached SCSI disk
[    2.299678] e1000 0000:00:03.0 eth0: (PCI:33MHz:32-bit) 02:c6:b0:25:69:cb
[    2.304417] e1000 0000:00:03.0 eth0: Intel(R) PRO/1000 Network Connection
[    2.308456] e1000 0000:00:03.0 enp0s3: renamed from eth0
Begin: Loading essential drivers ... [    4.016015] raid6: sse2x1   gen() 19699 MB/s
[    4.064636] raid6: sse2x1   xor() 11458 MB/s
[    4.116221] raid6: sse2x2   gen() 24859 MB/s
[    4.164005] raid6: sse2x2   xor() 16120 MB/s
[    4.212582] raid6: sse2x4   gen() 25768 MB/s
[    4.264193] raid6: sse2x4   xor() 14286 MB/s
[    4.312010] raid6: avx2x1   gen() 36799 MB/s
[    4.360570] raid6: avx2x1   xor() 21998 MB/s
[    4.412197] raid6: avx2x2   gen() 45012 MB/s
[    4.464720] raid6: avx2x2   xor() 28902 MB/s
[    4.516261] raid6: avx2x4   gen() 44231 MB/s
[    4.568892] raid6: avx2x4   xor() 24785 MB/s
[    4.572221] raid6: using algorithm avx2x2 gen() 45012 MB/s
[    4.573731] raid6: .... xor() 28902 MB/s, rmw enabled
[    4.575936] raid6: using avx2x2 recovery algorithm
[    4.579639] xor: automatically using best checksumming function   avx       
[    4.583337] async_tx: api initialized (async)
done.
Begin: Running /scripts/init-premount ... done.
Begin: Mounting root file system ... Begin: Running /scripts/local-top ... done.
Begin: Running /scripts/local-premount ... [    4.614151] Btrfs loaded, crc32c=crc32c-intel
Scanning for Btrfs filesystems
done.
Warning: fsck not present, so skipping root file system
[    4.644081] EXT4-fs (sda1): INFO: recovery required on readonly filesystem
[    4.646486] EXT4-fs (sda1): write access will be enabled during recovery
[    4.741723] EXT4-fs (sda1): orphan cleanup on readonly fs
[    4.745169] EXT4-fs (sda1): 3 orphan inodes deleted
[    4.747664] EXT4-fs (sda1): recovery complete
[    4.749597] EXT4-fs (sda1): mounted filesystem with ordered data mode. Opts: (null)
done.
Begin: Running /scripts/local-bottom ... done.
Begin: Running /scripts/init-bottom ... done.
[    4.910108] ip_tables: (C) 2000-2006 Netfilter Core Team
[    4.920177] systemd[1]: systemd 237 running in system mode. (+PAM +AUDIT +SELINUX +IMA +APPARMOR +SMACK +SYSVINIT +UTMP +LIBCRYPTSETUP +GCRYPT +GNUTLS +ACL +XZ +LZ4 +SECCOMP +BLKID +ELFUTILS +KMOD -IDN2 +IDN -PCRE2 default-hierarchy=hybrid)
[    4.928518] systemd[1]: Detected virtualization oracle.
[    4.930929] systemd[1]: Detected architecture x86-64.

Welcome to [1mUbuntu 18.04.5 LTS[0m!

[    4.936568] systemd[1]: Set hostname to <ubuntu-bionic>.
[    5.146631] systemd[1]: Created slice System Slice.
[[0;32m  OK  [0m] Created slice System Slice.
[    5.164023] systemd[1]: Listening on /dev/initctl Compatibility Named Pipe.
[[0;32m  OK  [0m] Listening on /dev/initctl Compatibility Named Pipe.
[    5.179974] systemd[1]: Listening on udev Kernel Socket.
[[0;32m  OK  [0m] Listening on udev Kernel Socket.
[    5.195404] systemd[1]: Listening on Device-mapper event daemon FIFOs.
[[0;32m  OK  [0m] Listening on Device-mapper event daemon FIFOs.
[    5.199634] systemd[1]: Listening on LVM2 poll daemon socket.
[[0;32m  OK  [0m] Listening on LVM2 poll daemon socket.
[    5.212304] systemd[1]: Listening on udev Control Socket.
[[0;32m  OK  [0m] Listening on udev Control Socket.
[[0;32m  OK  [0m] Listening on Syslog Socket.
[[0;32m  OK  [0m] Listening on Journal Socket (/dev/log).
[[0;32m  OK  [0m] Listening on LVM2 metadata daemon socket.
[[0;32m  OK  [0m] Set up automount Arbitrary Executabâ€¦rmats File System Automount Point.
[[0;32m  OK  [0m] Listening on Journal Audit Socket.
[[0;32m  OK  [0m] Reached target Swap.
[[0;32m  OK  [0m] Reached target User and Group Name Lookups.
[[0;32m  OK  [0m] Reached target System Time Synchronized.
[[0;32m  OK  [0m] Started Forward Password Requests to Wall Directory Watch.
[[0;32m  OK  [0m] Listening on Network Service Netlink Socket.
[[0;32m  OK  [0m] Listening on Journal Socket.
         Starting udev Coldplug all Devices...
         Mounting POSIX Message Queue File System...
         Starting Uncomplicated firewall...
         Starting Journal Service...
         Starting Load Kernel Modules...
         Starting Set the console keyboard layout...
         Mounting Kernel Debug File System...
         Starting Create list of required stâ€¦ce nodes for the current kernel...
         Starting Remount Root and Kernel File Systems...
         Starting Monitoring of LVM2 mirrorsâ€¦ng dmeventd or progress polling...
[[0;32m  OK  [0m] Created slice User and Session Slice.
[    5.475942] EXT4-fs (sda1): re-mounted. Opts: (null)
[[0;32m  OK  [0m] Reached target Slices.
[[0;32m  OK  [0m] Created slice system-serial\x2dgetty.slice.
         Mounting Huge Pages File System...
[    5.509366] lp: driver loaded but no devices found
[    5.515555] ppdev: user-space parallel port driver
[[0;32m  OK  [0m] Started Journal Service.
[    5.521909] Loading iSCSI transport class v2.0-870.
[    5.527385] iscsi: registered transport (tcp)
[[0;32m  OK  [0m] Mounted POSIX Message Queue File System.
[[0;32m  OK  [0m] Started Uncomplicated firewall.
[    5.540836] iscsi: registered transport (iser)
[[0;32m  OK  [0m] Started Load Kernel Modules.
[[0;32m  OK  [0m] Mounted Kernel Debug File System.
[[0;32m  OK  [0m] Started Create list of required staâ€¦vice nodes for the current kernel.
[[0;32m  OK  [0m] Started Set the console keyboard layout.
[[0;32m  OK  [0m] Started Remount Root and Kernel File Systems.
[[0;32m  OK  [0m] Mounted Huge Pages File System.
[[0;32m  OK  [0m] Started udev Coldplug all Devices.
[[0;32m  OK  [0m] Started LVM2 metadata daemon.
         Starting Load/Save Random Seed...
         Starting Create Static Device Nodes in /dev...
         Mounting Kernel Configuration File System...
         Mounting FUSE Control File System...
         Starting Apply Kernel Variables...
         Starting Flush Journal to Persistent Storage...
[[0;32m  OK  [0m] Started Monitoring of LVM2 mirrors,â€¦sing dmeventd or progress polling.
[[0;32m  OK  [0m] Started Load/Save Random Seed.
[[0;32m  OK  [0m] Started Create Static Device Nodes in /dev.
[[0;32m  OK  [0m] Mounted Kernel Configuration File System.
[[0;32m  OK  [0m] Mounted FUSE Control File System.
[[0;32m  OK  [0m] Started Apply Kernel Variables.
         Starting udev Kernel Device Manager...
[[0;32m  OK  [0m] Reached target Local File Systems (Pre).
[[0;32m  OK  [0m] Reached target Local File Systems.
         Starting AppArmor initialization...
         Starting Tell Plymouth To Write Out Runtime Data...
         Starting ebtables ruleset management...
         Starting Set console font and keymap...
         Mounting /vagrant...
[[0;32m  OK  [0m] Started udev Kernel Device Manager.
[[0;32m  OK  [0m] Started Tell Plymouth To Write Out Runtime Data.
[[0;32m  OK  [0m] Started Set console font and keymap.
[[0;32m  OK  [0m] Started Dispatch Password Requests to Console Directory Watch.
[[0;32m  OK  [0m] Reached target Local Encrypted Volumes.
[[0;32m  OK  [0m] Mounted /vagrant.
[[0;32m  OK  [0m] Started ebtables ruleset management.
[[0;32m  OK  [0m] Started Flush Journal to Persistent Storage.
         Starting Create Volatile Files and Directories...
[[0;32m  OK  [0m] Found device /dev/ttyS0.
[[0;32m  OK  [0m] Started Create Volatile Files and Directories.
         Starting Update UTMP about System Boot/Shutdown...
[[0;32m  OK  [0m] Started Update UTMP about System Boot/Shutdown.
[[0;32m  OK  [0m] Listening on Load/Save RF Kill Switch Status /dev/rfkill Watch.
[[0;32m  OK  [0m] Started AppArmor initialization.
         Starting Initial cloud-init job (pre-networking)...
         Starting Load AppArmor profiles managed internally by snapd...
[[0;32m  OK  [0m] Started Load AppArmor profiles managed internally by snapd.
[    7.223904] cloud-init[563]: Cloud-init v. 20.3-2-g371b392c-0ubuntu1~18.04.1 running 'init-local' at Sat, 14 Nov 2020 11:38:11 +0000. Up 7.09 seconds.
[[0;32m  OK  [0m] Started Initial cloud-init job (pre-networking).
[[0;32m  OK  [0m] Reached target Network (Pre).
         Starting Network Service...
[[0;32m  OK  [0m] Started Network Service.
         Starting Wait for Network to be Configured...
         Starting Network Name Resolution...
[[0;32m  OK  [0m] Started Network Name Resolution.
[[0;32m  OK  [0m] Reached target Host and Network Name Lookups.
[[0;32m  OK  [0m] Started Wait for Network to be Configured.
         Starting Initial cloud-init job (metadata service crawler)...
[    9.190690] cloud-init[687]: Cloud-init v. 20.3-2-g371b392c-0ubuntu1~18.04.1 running 'init' at Sat, 14 Nov 2020 11:38:13 +0000. Up 9.11 seconds.
[    9.204324] cloud-init[687]: ci-info: ++++++++++++++++++++++++++++++++++++++Net device info++++++++++++++++++++++++++++++++++++++
[    9.216176] cloud-init[687]: ci-info: +--------+------+----------------------------+---------------+--------+-------------------+
[    9.232266] cloud-init[687]: ci-info: | Device |  Up  |          Address           |      Mask     | Scope  |     Hw-Address    |
[    9.244103] cloud-init[687]: ci-info: +--------+------+----------------------------+---------------+--------+-------------------+
[    9.256110] cloud-init[687]: ci-info: | enp0s3 | True |         10.0.2.15          | 255.255.255.0 | global | 02:c6:b0:25:69:cb |
[    9.268304] cloud-init[687]: ci-info: | enp0s3 | True | fe80::c6:b0ff:fe25:69cb/64 |       .       |  link  | 02:c6:b0:25:69:cb |
[    9.280225] cloud-init[687]: ci-info: |   lo   | True |         127.0.0.1          |   255.0.0.0   |  host  |         .         |
[    9.292918] cloud-init[687]: ci-info: |   lo   | True |          ::1/128           |       .       |  host  |         .         |
[    9.304585] cloud-init[687]: ci-info: +--------+------+----------------------------+---------------+--------+-------------------+
[[0;32m  OK  [0m] Started Initial cloud-init job (metadata service crawler).
[    9.320613] cloud-init[687]: ci-info: ++++++++++++++++++++++++++++Route IPv4 info+++++++++++++++++++++++++++++
[[0;32m  OK  [0m] Reached target System Initialization.
[    9.347935] cloud-init[687]: ci-info: +-------+-------------+----------+-----------------+-----------+-------+
[[0;32m  OK  [0m] Started Trigger anacron every hour.
[[0;32m  OK  [0m] Started Daily Cleanup of Temporary Directories.
[    9.350213] cloud-init[687]: ci-info: | Route | Destination | Gateway  |     Genmask     | Interface | Flags |
[    9.376374] [cloud-init[0;32m  OK  [0m[687]: ] ci-info: +-------+-------------+----------+-----------------+-----------+-------+Listening on CUPS Scheduler.

[    9.378033]          cloud-initStarting Socket activation for snappy daemon.[687]: 
ci-info: |   0   |   0.0.0.0   | 10.0.2.2 |     0.0.0.0     |   enp0s3  |   UG  |
[[0;32m  OK  [0m] Listening on Open-iSCSI iscsid Socket.
[    9.392432] cloud-init[687]: [ci-info: |   1   |   10.0.2.0  | 0.0.0.0  |  255.255.255.0  |   enp0s3  |   U   |[0;32m  OK  [0m
] Listening on ACPID Listen Socket.
[[0;32m  OK  [0m] Started Message of the Day.
[    9.421192] [[0;32m  OK  [0m] Listening on Avahi mDNS/DNS-SD Stack Activation Socket.
cloud-init[687]: ci-info: |   2   |   10.0.2.2  | 0.0.0.0  | 255.255.255.255 |   enp0s3  |   UH  |
[[0;32m  OK  [0m] Started ACPI Events Check.
[    9.445322] [cloud-init[0;32m  OK  [0m[687]: ] ci-info: +-------+-------------+----------+-----------------+-----------+-------+Started Discard unused blocks once a week.

[[0;32m  OK  [0m] Started Daily apt download activities.
[    9.469817] cloud-init[687]: ci-info: +++++++++++++++++++Route IPv6 info+++++++++++++++++++
[[0;32m  OK  [0m] Started Daily apt upgrade and clean activities.
[    9.484798] cloud-init[687]: ci-info: +-------+-------------+---------+-----------+-------+
         Starting LXD - unix socket.
[[0;32m  OK  [0m] Listening on D-Bus System Message Bus Socket.
[    9.491014] cloud-init[687]: ci-info: | Route | Destination | Gateway | Interface | Flags |
[[0;32m  OK  [0m] Started CUPS Scheduler.
[[0;32m  OK  [0m] Reached target Paths.
[[0;32m  OK  [0m] Reached target Timers.
[[0;32m  OK  [0m] Listening on UUID daemon activation socket.
[[0;32m  OK  [0m] Reached target Cloud-config availability.
[[0;32m  OK  [0m] Listening on Socket activation for snappy daemon.
[[0;32m  OK  [0m] Listening on LXD - unix socket.
[    9.509898] cloud-init[687]: ci-info: +-------+-------------+---------+-----------+-------+
[[0;32m  OK  [0m] Reached target Sockets.
[   10.012048] [cloud-init[0;32m  OK  [0m[687]: ] Reached target Basic System.
ci-info: |   1   |  fe80::/64  |    ::   |   enp0s3  |   U   |
[[0;32m  OK  [0m] Started Run anacron jobs.
[   10.037021] cloud-init[687]: ci-info: |   3   |    local    |    ::   |   enp0s3  |   U   |
         Starting Restore /etc/resolv.conf iâ€¦fore the ppp link was shut down...
[   10.049381] cloud-init[687]: ci-info: |   4   |   ff00::/8  |    ::   |   enp0s3  |   U   |
         Starting Avahi mDNS/DNS-SD Stack...
[   10.062122] cloud-init[687]: ci-info: +-------+-------------+---------+-----------+-------+
[[0;32m  OK  [0m] Started D-Bus System Message Bus.
         Starting Dispatcher daemon for systemd-networkd...
         Starting System Logging Service...
         Starting Virtualbox guest utils...
[[0;32m  OK  [0m] Started Deferred execution scheduler.
         Starting LSB: Record successful boot for GRUB...
[[0;32m  OK  [0m] Started ACPI event daemon.
         Starting Accounts Service...
         Starting Network Manager...
         Starting Disk Manager...
         Starting Open vSwitch Database Unit...
         Starting LXD - container startup/shutdown...
[[0;32m  OK  [0m] Started irqbalance daemon.
         Starting Detect the available GPUs and deal with any system changes...
         Starting Modem Manager...
         Starting WPA supplicant...
[[0;32m  OK  [0m] Started Regular background program processing daemon.
[[0;32m  OK  [0m] Started CUPS Scheduler.
         Starting Login Service...
[[0;32m  OK  [0m] Started FUSE filesystem for LXC.
         Starting Snap Daemon...
[[0;32m  OK  [0m] Started System Logging Service.
[[0;32m  OK  [0m] Started Dispatcher daemon for systemd-networkd.
[[0;32m  OK  [0m] Started Restore /etc/resolv.conf ifâ€¦before the ppp link was shut down.
[[0;32m  OK  [0m] Started LXD - container startup/shutdown.
[[0;32m  OK  [0m] Started Detect the available GPUs and deal with any system changes.
[[0;32m  OK  [0m] Started Avahi mDNS/DNS-SD Stack.
[[0;32m  OK  [0m] Started WPA supplicant.
[[0;32m  OK  [0m] Started Login Service.
         Starting Hostname Service...
         Starting Authorization Manager...
[[0;32m  OK  [0m] Started Authorization Manager.
[[0;32m  OK  [0m] Started Accounts Service.
[[0;32m  OK  [0m] Started Modem Manager.
[[0;32m  OK  [0m] Started Hostname Service.
[[0;32m  OK  [0m] Started Network Manager.
[[0;32m  OK  [0m] Started Virtualbox guest utils.
[[0;32m  OK  [0m] Started LSB: Record successful boot for GRUB.
         Starting Network Manager Script Dispatcher Service...
         Starting Network Manager Wait Online...
[[0;32m  OK  [0m] Started Network Manager Script Dispatcher Service.
[[0;32m  OK  [0m] Started Disk Manager.
[[0;32m  OK  [0m] Started Network Manager Wait Online.
[[0;32m  OK  [0m] Started Open vSwitch Database Unit.
         Starting Open vSwitch Forwarding Unit...
[[0;32m  OK  [0m] Started Snap Daemon.
         Starting Wait until snapd is fully seeded...
[[0;32m  OK  [0m] Started Wait until snapd is fully seeded.
[[0;32m  OK  [0m] Started Open vSwitch Forwarding Unit.
         Starting Open vSwitch...
[[0;32m  OK  [0m] Started Open vSwitch.
[[0;32m  OK  [0m] Reached target Network.
[[0;32m  OK  [0m] Started Unattended Upgrades Shutdown.
[[0;32m  OK  [0m] Reached target Network is Online.
[[0;32m  OK  [0m] Reached target Remote File Systems (Pre).
[[0;32m  OK  [0m] Reached target Remote File Systems.
         Starting Tool to automatically collâ€¦ submit kernel crash signatures...
         Starting LSB: automatic crash report generation...
         Starting Permit User Sessions...
         Starting Availability of block devices...
         Starting Apply the settings specified in cloud-config...
         Starting Message of the Day...
         Starting OpenBSD Secure Shell server...
[[0;32m  OK  [0m] Started crash report submission daemon.
[[0;32m  OK  [0m] Started Permit User Sessions.
[[0;32m  OK  [0m] Started Availability of block devices.
[[0;32m  OK  [0m] Started Tool to automatically colleâ€¦nd submit kernel crash signatures.
         Starting Hold until boot process finishes up...
         Starting Light Display Manager...
[[0;32m  OK  [0m] Started Hold until boot process finishes up.
[[0;32m  OK  [0m] Started Serial Getty on ttyS0.
         Starting Set console scheme...
[[0;32m  OK  [0m] Started Light Display Manager.
[[0;32m  OK  [0m] Started Set console scheme.
[[0;32m  OK  [0m] Started OpenBSD Secure Shell server.
[[0;32m  OK  [0m] Started LSB: automatic crash report generation.
[[0;32m  OK  [0m] Created slice system-getty.slice.
[[0;32m  OK  [0m] Started Getty on tty1.
[[0;32m  OK  [0m] Reached target Login Prompts.
[[0;32m  OK  [0m] Reached target Multi-User System.
[[0;32m  OK  [0m] Reached target Graphical Interface.
         Starting Update UTMP about System Runlevel Changes...
[[0;32m  OK  [0m] Started Update UTMP about System Runlevel Changes.
[[0;32m  OK  [0m] Created slice User Slice of vagrant.
         Starting User Manager for UID 1000...
[[0;32m  OK  [0m] Started Session 1 of user vagrant.
[[0;32m  OK  [0m] Started User Manager for UID 1000.
[   12.755789] cloud-init[1502]: Cloud-init v. 20.3-2-g371b392c-0ubuntu1~18.04.1 running 'modules:config' at Sat, 14 Nov 2020 11:38:17 +0000. Up 12.59 seconds.
[[0;32m  OK  [0m] Started Apply the settings specified in cloud-config.
         Starting Execute cloud user/final scripts...
[[0;32m  OK  [0m] Started Message of the Day.
[   13.394250] cloud-init[1663]: Cloud-init v. 20.3-2-g371b392c-0ubuntu1~18.04.1 running 'modules:final' at Sat, 14 Nov 2020 11:38:17 +0000. Up 13.31 seconds.
[   13.404495] cloud-init[1663]: Cloud-init v. 20.3-2-g371b392c-0ubuntu1~18.04.1 finished at Sat, 14 Nov 2020 11:38:17 +0000. Datasource DataSourceNoCloud [seed=/dev/sdb][dsmode=net].  Up 13.39 seconds
[[0;32m  OK  [0m] Created slice User Slice of lightdm.
         Starting User Manager for UID 113...
[[0;32m  OK  [0m] Started Session c1 of user lightdm.
[[0;32m  OK  [0m] Started Execute cloud user/final scripts.
         Starting Daily apt download activities...
[[0;32m  OK  [0m] Reached target Cloud-init target.
[[0;32m  OK  [0m] Started User Manager for UID 113.

Ubuntu 18.04.5 LTS ubuntu-bionic ttyS0

ubuntu-bionic login:          Stopping LSB: automatic crash report generation...
[[0;32m  OK  [0m] Stopped LSB: automatic crash report generation.
         Starting LSB: automatic crash report generation...
[[0;32m  OK  [0m] Started LSB: automatic crash report generation.
[[0;32m  OK  [0m] Started Daily apt upgrade and clean activities.
